******************************************************************************
                  TI ARM Linker PC v16.9.6                     
******************************************************************************
>> Linked Wed Mar 14 13:03:51 2018

OUTPUT FILE NAME:   <hello.out>
ENTRY POINT SYMBOL: "_c_int00"  address: 00000ce9


MEMORY CONFIGURATION

         name            origin    length      used     unused   attr    fill
----------------------  --------  ---------  --------  --------  ----  --------
  FLASH                 00000000   00040000  00003cce  0003c332  R  X
  SRAM                  20000000   00008000  000033cc  00004c34  RW X


SEGMENT ALLOCATION MAP

run origin  load origin   length   init length attrs members
----------  ----------- ---------- ----------- ----- -------
00000000    00000000    00003cd0   00003cd0    r-x
  00000000    00000000    0000026c   0000026c    r-- .intvecs
  0000026c    0000026c    00000e42   00000e42    r-x .text
  000010b0    000010b0    00000110   00000110    r-- .const
  000011c0    000011c0    00002b10   00002b10    r-- .cinit
20000000    20000000    000033cc   00000000    rw-
  20000000    20000000    0000026c   00000000    rw- .vtable
  2000026c    2000026c    00002f00   00000000    rw- .data
  2000316c    2000316c    00000200   00000000    rw- .stack
  2000336c    2000336c    00000060   00000000    rw- .bss


SECTION ALLOCATION MAP

 output                                  attributes/
section   page    origin      length       input sections
--------  ----  ----------  ----------   ----------------
.intvecs   0    00000000    0000026c     
                  00000000    0000026c     startup_ccs.obj (.intvecs)

.text      0    0000026c    00000e42     
                  0000026c    000001b6     rtsv7M4_T_le_v4SPD16_eabi.lib : fd_add_t2.obj (.text)
                  00000422    00000136                                   : fd_div_t2.obj (.text)
                  00000558    00000132     driverlib.lib : gpio.obj (.text:GPIOPadConfigSet)
                  0000068a    00000002     startup_ccs.obj (.text:FaultISR)
                  0000068c    0000011c     hello.obj (.text:main)
                  000007a8    000000fc     rtsv7M4_T_le_v4SPD16_eabi.lib : fd_mul_t2.obj (.text)
                  000008a4    000000f4     driverlib.lib : sysctl.obj (.text:SysCtlClockSet)
                  00000998    0000009c     rtsv7M4_T_le_v4SPD16_eabi.lib : memcpy_t2.obj (.text)
                  00000a34    00000098     hello.obj (.text:ServoInterrupt)
                  00000acc    0000007a     rtsv7M4_T_le_v4SPD16_eabi.lib : memset_t2.obj (.text)
                  00000b46    00000002     startup_ccs.obj (.text:IntDefaultHandler)
                  00000b48    00000070     rtsv7M4_T_le_v4SPD16_eabi.lib : autoinit.obj (.text)
                  00000bb8    00000068     driverlib.lib : interrupt.obj (.text:IntEnable)
                  00000c20    00000068     rtsv7M4_T_le_v4SPD16_eabi.lib : copy_decompress_lzss.obj (.text:decompress:lzss)
                  00000c88    00000060     driverlib.lib : timer.obj (.text:TimerConfigure)
                  00000ce8    00000054     rtsv7M4_T_le_v4SPD16_eabi.lib : boot.obj (.text)
                  00000d3c    00000054                                   : exit.obj (.text)
                  00000d90    0000004c     hello.obj (.text:TimerBegin)
                  00000ddc    0000004c     driverlib.lib : timer.obj (.text:_TimerIntNumberGet)
                  00000e28    0000004c     rtsv7M4_T_le_v4SPD16_eabi.lib : cpy_tbl.obj (.text)
                  00000e74    00000048     hello.obj (.text:ServoAttach)
                  00000ebc    00000044     rtsv7M4_T_le_v4SPD16_eabi.lib : fd_tou_t2.obj (.text)
                  00000f00    00000038                                   : fs_tod_t2.obj (.text)
                  00000f38    00000034     driverlib.lib : interrupt.obj (.text:IntRegister)
                  00000f6c    00000034                   : sysctl.obj (.text:SysCtlPeripheralEnable)
                  00000fa0    0000002a                   : gpio.obj (.text:GPIODirModeSet)
                  00000fca    00000002     startup_ccs.obj (.text:NmiSR)
                  00000fcc    0000001c     hello.obj (.text:ServoWrite)
                  00000fe8    00000018     driverlib.lib : gpio.obj (.text:GPIOPinTypeGPIOOutput)
                  00001000    00000018                   : timer.obj (.text:TimerIntRegister)
                  00001018    00000018     rtsv7M4_T_le_v4SPD16_eabi.lib : args_main.obj (.text)
                  00001030    00000014                                   : _lock.obj (.text)
                  00001044    00000012     driverlib.lib : timer.obj (.text:TimerLoadSet)
                  00001056    0000000e                   : timer.obj (.text:TimerEnable)
                  00001064    0000000e     rtsv7M4_T_le_v4SPD16_eabi.lib : copy_decompress_none.obj (.text:decompress:none)
                  00001072    0000000c                                   : copy_zero_init.obj (.text:decompress:ZI)
                  0000107e    0000000a     driverlib.lib : timer.obj (.text:TimerIntStatus)
                  00001088    00000008                   : timer.obj (.text:TimerIntEnable)
                  00001090    00000006                   : gpio.obj (.text:GPIOPinWrite)
                  00001096    00000006     startup_ccs.obj (.text:ResetISR)
                  0000109c    00000006     driverlib.lib : sysctl.obj (.text:SysCtlDelay)
                  000010a2    00000004                   : timer.obj (.text:TimerIntClear)
                  000010a6    00000004     rtsv7M4_T_le_v4SPD16_eabi.lib : pre_init.obj (.text)
                  000010aa    00000002                                   : mpu_init.obj (.text)
                  000010ac    00000002                                   : startup.obj (.text)

.const     0    000010b0    00000110     
                  000010b0    00000070     driverlib.lib : interrupt.obj (.const)
                  00001120    00000060                   : timer.obj (.const:g_ppui32TimerIntMap)
                  00001180    00000040                   : timer.obj (.const:g_ppui32TimerIntMapSnowflake)

.cinit     0    000011c0    00002b10     
                  000011c0    00002ad6     (.cinit..data.load) [load image, compression = lzss]
                  00003c96    00000002     --HOLE-- [fill = 0]
                  00003c98    0000000c     (__TI_handler_table)
                  00003ca4    00000004     --HOLE-- [fill = 0]
                  00003ca8    00000008     (.cinit..bss.load) [load image, compression = zero_init]
                  00003cb0    00000008     (.cinit..vtable.load) [load image, compression = zero_init]
                  00003cb8    00000018     (__TI_cinit_table)

.init_array 
*          0    00000000    00000000     UNINITIALIZED

.vtable    0    20000000    0000026c     UNINITIALIZED
                  20000000    0000026c     driverlib.lib : interrupt.obj (.vtable)

.data      0    2000026c    00002f00     UNINITIALIZED
                  2000026c    00002ee0     hello.obj (.data:angles)
                  2000314c    0000000c     rtsv7M4_T_le_v4SPD16_eabi.lib : exit.obj (.data:$O1$$)
                  20003158    00000008                                   : _lock.obj (.data:$O1$$)
                  20003160    00000008     hello.obj (.data)
                  20003168    00000004     rtsv7M4_T_le_v4SPD16_eabi.lib : stkdepth_vars.obj (.data)

.stack     0    2000316c    00000200     UNINITIALIZED
                  2000316c    00000200     --HOLE--

.bss       0    2000336c    00000060     UNINITIALIZED
                  2000336c    00000018     (.common:ServoBase)
                  20003384    00000018     (.common:ServoPin)
                  2000339c    00000018     (.common:ServoPos)
                  200033b4    00000018     (.common:ServoPosTemp)

MODULE SUMMARY

       Module                     code   ro data   rw data
       ------                     ----   -------   -------
    .\
       hello.obj                  612    0         12104  
       startup_ccs.obj            12     620       0      
    +--+--------------------------+------+---------+---------+
       Total:                     624    620       12104  
                                                          
    C:/ti/TivaWare_C_Series-2.1.4.178/driverlib/ccs/Debug/driverlib.lib
       interrupt.obj              156    112       620    
       timer.obj                  250    160       0      
       gpio.obj                   378    0         0      
       sysctl.obj                 302    0         0      
    +--+--------------------------+------+---------+---------+
       Total:                     1086   272       620    
                                                          
    C:\ti\ccsv7\tools\compiler\ti-cgt-arm_16.9.6.LTS\lib\rtsv7M4_T_le_v4SPD16_eabi.lib
       fd_add_t2.obj              438    0         0      
       fd_div_t2.obj              310    0         0      
       fd_mul_t2.obj              252    0         0      
       memcpy_t2.obj              156    0         0      
       memset_t2.obj              122    0         0      
       autoinit.obj               112    0         0      
       copy_decompress_lzss.obj   104    0         0      
       exit.obj                   84     0         12     
       boot.obj                   84     0         0      
       cpy_tbl.obj                76     0         0      
       fd_tou_t2.obj              68     0         0      
       fs_tod_t2.obj              56     0         0      
       _lock.obj                  20     0         8      
       args_main.obj              24     0         0      
       copy_decompress_none.obj   14     0         0      
       copy_zero_init.obj         12     0         0      
       pre_init.obj               4      0         0      
       stkdepth_vars.obj          0      0         4      
       mpu_init.obj               2      0         0      
       startup.obj                2      0         0      
    +--+--------------------------+------+---------+---------+
       Total:                     1940   0         24     
                                                          
       Stack:                     0      0         512    
       Linker Generated:          0      11018     0      
    +--+--------------------------+------+---------+---------+
       Grand Total:               3650   11910     13260  


LINKER GENERATED COPY TABLES

__TI_cinit_table @ 00003cb8 records: 3, size/record: 8, table size: 24
	.data: load addr=000011c0, load size=00002ad6 bytes, run addr=2000026c, run size=00002f00 bytes, compression=lzss
	.bss: load addr=00003ca8, load size=00000008 bytes, run addr=2000336c, run size=00000060 bytes, compression=zero_init
	.vtable: load addr=00003cb0, load size=00000008 bytes, run addr=20000000, run size=0000026c bytes, compression=zero_init


LINKER GENERATED HANDLER TABLE

__TI_handler_table @ 00003c98 records: 3, size/record: 4, table size: 12
	index: 0, handler: __TI_zero_init
	index: 1, handler: __TI_decompress_lzss
	index: 2, handler: __TI_decompress_none


GLOBAL SYMBOLS: SORTED ALPHABETICALLY BY Name 

address   name                           
-------   ----                           
00000d3d  C$$EXIT                        
00000fa1  GPIODirModeSet                 
00000559  GPIOPadConfigSet               
00000fe9  GPIOPinTypeGPIOOutput          
00001091  GPIOPinWrite                   
00000bb9  IntEnable                      
00000f39  IntRegister                    
00001097  ResetISR                       
UNDEFED   SHT$$INIT_ARRAY$$Base          
UNDEFED   SHT$$INIT_ARRAY$$Limit         
00000e75  ServoAttach                    
2000336c  ServoBase                      
20003160  ServoCount                     
00000a35  ServoInterrupt                 
20003164  ServoNumber                    
20003384  ServoPin                       
2000339c  ServoPos                       
200033b4  ServoPosTemp                   
00000fcd  ServoWrite                     
000008a5  SysCtlClockSet                 
0000109d  SysCtlDelay                    
00000f6d  SysCtlPeripheralEnable         
00000d91  TimerBegin                     
00000c89  TimerConfigure                 
00001057  TimerEnable                    
000010a3  TimerIntClear                  
00001089  TimerIntEnable                 
00001001  TimerIntRegister               
0000107f  TimerIntStatus                 
00001045  TimerLoadSet                   
2000336c  __STACK_END                    
00000200  __STACK_SIZE                   
2000336c  __STACK_TOP                    
00003cb8  __TI_CINIT_Base                
00003cd0  __TI_CINIT_Limit               
00003c98  __TI_Handler_Table_Base        
00003ca4  __TI_Handler_Table_Limit       
00000b49  __TI_auto_init                 
2000314c  __TI_cleanup_ptr               
00000c21  __TI_decompress_lzss           
00001065  __TI_decompress_none           
20003150  __TI_dtors_ptr                 
20003154  __TI_enable_exit_profile_output
ffffffff  __TI_pprof_out_hndl            
ffffffff  __TI_prof_data_size            
ffffffff  __TI_prof_data_start           
00000000  __TI_static_base__             
00001073  __TI_zero_init                 
00000ebd  __aeabi_d2uiz                  
00000277  __aeabi_dadd                   
00000423  __aeabi_ddiv                   
000007a9  __aeabi_dmul                   
0000026d  __aeabi_dsub                   
00000f01  __aeabi_f2d                    
00000acd  __aeabi_memclr                 
00000acd  __aeabi_memclr4                
00000acd  __aeabi_memclr8                
00000999  __aeabi_memcpy                 
00000999  __aeabi_memcpy4                
00000999  __aeabi_memcpy8                
00000acf  __aeabi_memset                 
00000acf  __aeabi_memset4                
00000acf  __aeabi_memset8                
ffffffff  __binit__                      
ffffffff  __c_args__                     
000010ab  __mpu_init                     
2000316c  __stack                        
00001019  _args_main                     
00000ce9  _c_int00                       
20003158  _lock                          
0000103f  _nop                           
00001037  _register_lock                 
00001031  _register_unlock               
000010ad  _system_post_cinit             
000010a7  _system_pre_init               
2000315c  _unlock                        
00000d41  abort                          
2000026c  angles                         
ffffffff  binit                          
00000e29  copy_in                        
00000d49  exit                           
20000000  g_pfnRAMVectors                
00000000  g_pfnVectors                   
0000068d  main                           
20003168  main_func_sp                   
00000999  memcpy                         
00000ad5  memset                         


GLOBAL SYMBOLS: SORTED BY Symbol Address 

address   name                           
-------   ----                           
00000000  __TI_static_base__             
00000000  g_pfnVectors                   
00000200  __STACK_SIZE                   
0000026d  __aeabi_dsub                   
00000277  __aeabi_dadd                   
00000423  __aeabi_ddiv                   
00000559  GPIOPadConfigSet               
0000068d  main                           
000007a9  __aeabi_dmul                   
000008a5  SysCtlClockSet                 
00000999  __aeabi_memcpy                 
00000999  __aeabi_memcpy4                
00000999  __aeabi_memcpy8                
00000999  memcpy                         
00000a35  ServoInterrupt                 
00000acd  __aeabi_memclr                 
00000acd  __aeabi_memclr4                
00000acd  __aeabi_memclr8                
00000acf  __aeabi_memset                 
00000acf  __aeabi_memset4                
00000acf  __aeabi_memset8                
00000ad5  memset                         
00000b49  __TI_auto_init                 
00000bb9  IntEnable                      
00000c21  __TI_decompress_lzss           
00000c89  TimerConfigure                 
00000ce9  _c_int00                       
00000d3d  C$$EXIT                        
00000d41  abort                          
00000d49  exit                           
00000d91  TimerBegin                     
00000e29  copy_in                        
00000e75  ServoAttach                    
00000ebd  __aeabi_d2uiz                  
00000f01  __aeabi_f2d                    
00000f39  IntRegister                    
00000f6d  SysCtlPeripheralEnable         
00000fa1  GPIODirModeSet                 
00000fcd  ServoWrite                     
00000fe9  GPIOPinTypeGPIOOutput          
00001001  TimerIntRegister               
00001019  _args_main                     
00001031  _register_unlock               
00001037  _register_lock                 
0000103f  _nop                           
00001045  TimerLoadSet                   
00001057  TimerEnable                    
00001065  __TI_decompress_none           
00001073  __TI_zero_init                 
0000107f  TimerIntStatus                 
00001089  TimerIntEnable                 
00001091  GPIOPinWrite                   
00001097  ResetISR                       
0000109d  SysCtlDelay                    
000010a3  TimerIntClear                  
000010a7  _system_pre_init               
000010ab  __mpu_init                     
000010ad  _system_post_cinit             
00003c98  __TI_Handler_Table_Base        
00003ca4  __TI_Handler_Table_Limit       
00003cb8  __TI_CINIT_Base                
00003cd0  __TI_CINIT_Limit               
20000000  g_pfnRAMVectors                
2000026c  angles                         
2000314c  __TI_cleanup_ptr               
20003150  __TI_dtors_ptr                 
20003154  __TI_enable_exit_profile_output
20003158  _lock                          
2000315c  _unlock                        
20003160  ServoCount                     
20003164  ServoNumber                    
20003168  main_func_sp                   
2000316c  __stack                        
2000336c  ServoBase                      
2000336c  __STACK_END                    
2000336c  __STACK_TOP                    
20003384  ServoPin                       
2000339c  ServoPos                       
200033b4  ServoPosTemp                   
ffffffff  __TI_pprof_out_hndl            
ffffffff  __TI_prof_data_size            
ffffffff  __TI_prof_data_start           
ffffffff  __binit__                      
ffffffff  __c_args__                     
ffffffff  binit                          
UNDEFED   SHT$$INIT_ARRAY$$Base          
UNDEFED   SHT$$INIT_ARRAY$$Limit         

[87 symbols]
